Analysis & Synthesis report for actividad09
Mon Apr 27 19:20:58 2020
Quartus Prime Version 19.1.0 Build 670 09/22/2019 SJ Lite Edition


---------------------
; Table of Contents ;
---------------------
  1. Legal Notice
  2. Analysis & Synthesis Summary
  3. Analysis & Synthesis Settings
  4. Parallel Compilation
  5. Analysis & Synthesis Source Files Read
  6. Analysis & Synthesis Resource Usage Summary
  7. Analysis & Synthesis Resource Utilization by Entity
  8. Registers Removed During Synthesis
  9. Removed Registers Triggering Further Register Optimizations
 10. General Register Statistics
 11. Analysis & Synthesis Messages



----------------
; Legal Notice ;
----------------
Copyright (C) 2019  Intel Corporation. All rights reserved.
Your use of Intel Corporation's design tools, logic functions 
and other software and tools, and any partner logic 
functions, and any output files from any of the foregoing 
(including device programming or simulation files), and any 
associated documentation or information are expressly subject 
to the terms and conditions of the Intel Program License 
Subscription Agreement, the Intel Quartus Prime License Agreement,
the Intel FPGA IP License Agreement, or other applicable license
agreement, including, without limitation, that your use is for
the sole purpose of programming logic devices manufactured by
Intel and sold by Intel or its authorized distributors.  Please
refer to the applicable agreement for further details, at
https://fpgasoftware.intel.com/eula.



+---------------------------------------------------------------------------+
; Analysis & Synthesis Summary                                              ;
+-----------------------------+---------------------------------------------+
; Analysis & Synthesis Status ; Successful - Mon Apr 27 19:20:58 2020       ;
; Quartus Prime Version       ; 19.1.0 Build 670 09/22/2019 SJ Lite Edition ;
; Revision Name               ; actividad09                                 ;
; Top-level Entity Name       ; DE_EX                                       ;
; Family                      ; MAX V                                       ;
; Total logic elements        ; 0                                           ;
; Total pins                  ; 35                                          ;
; Total virtual pins          ; 0                                           ;
; UFM blocks                  ; 0 / 1 ( 0 % )                               ;
+-----------------------------+---------------------------------------------+


+------------------------------------------------------------------------------------------------------------+
; Analysis & Synthesis Settings                                                                              ;
+------------------------------------------------------------------+--------------------+--------------------+
; Option                                                           ; Setting            ; Default Value      ;
+------------------------------------------------------------------+--------------------+--------------------+
; Top-level entity name                                            ; DE_EX              ; actividad09        ;
; Family name                                                      ; MAX V              ; Cyclone V          ;
; Use smart compilation                                            ; Off                ; Off                ;
; Enable parallel Assembler and Timing Analyzer during compilation ; On                 ; On                 ;
; Enable compact report table                                      ; Off                ; Off                ;
; Restructure Multiplexers                                         ; Auto               ; Auto               ;
; Create Debugging Nodes for IP Cores                              ; Off                ; Off                ;
; Preserve fewer node names                                        ; On                 ; On                 ;
; Intel FPGA IP Evaluation Mode                                    ; Enable             ; Enable             ;
; Verilog Version                                                  ; Verilog_2001       ; Verilog_2001       ;
; VHDL Version                                                     ; VHDL_1993          ; VHDL_1993          ;
; State Machine Processing                                         ; Auto               ; Auto               ;
; Safe State Machine                                               ; Off                ; Off                ;
; Extract Verilog State Machines                                   ; On                 ; On                 ;
; Extract VHDL State Machines                                      ; On                 ; On                 ;
; Ignore Verilog initial constructs                                ; Off                ; Off                ;
; Iteration limit for constant Verilog loops                       ; 5000               ; 5000               ;
; Iteration limit for non-constant Verilog loops                   ; 250                ; 250                ;
; Add Pass-Through Logic to Inferred RAMs                          ; On                 ; On                 ;
; Infer RAMs from Raw Logic                                        ; On                 ; On                 ;
; Parallel Synthesis                                               ; On                 ; On                 ;
; NOT Gate Push-Back                                               ; On                 ; On                 ;
; Power-Up Don't Care                                              ; On                 ; On                 ;
; Remove Redundant Logic Cells                                     ; Off                ; Off                ;
; Remove Duplicate Registers                                       ; On                 ; On                 ;
; Ignore CARRY Buffers                                             ; Off                ; Off                ;
; Ignore CASCADE Buffers                                           ; Off                ; Off                ;
; Ignore GLOBAL Buffers                                            ; Off                ; Off                ;
; Ignore ROW GLOBAL Buffers                                        ; Off                ; Off                ;
; Ignore LCELL Buffers                                             ; Off                ; Off                ;
; Ignore SOFT Buffers                                              ; On                 ; On                 ;
; Limit AHDL Integers to 32 Bits                                   ; Off                ; Off                ;
; Optimization Technique                                           ; Balanced           ; Balanced           ;
; Carry Chain Length                                               ; 70                 ; 70                 ;
; Auto Carry Chains                                                ; On                 ; On                 ;
; Auto Open-Drain Pins                                             ; On                 ; On                 ;
; Perform WYSIWYG Primitive Resynthesis                            ; Off                ; Off                ;
; Auto Shift Register Replacement                                  ; Auto               ; Auto               ;
; Allow Shift Register Merging across Hierarchies                  ; Auto               ; Auto               ;
; Auto Clock Enable Replacement                                    ; On                 ; On                 ;
; Allow Synchronous Control Signals                                ; On                 ; On                 ;
; Force Use of Synchronous Clear Signals                           ; Off                ; Off                ;
; Auto Resource Sharing                                            ; Off                ; Off                ;
; Use LogicLock Constraints during Resource Balancing              ; On                 ; On                 ;
; Ignore translate_off and synthesis_off directives                ; Off                ; Off                ;
; Report Parameter Settings                                        ; On                 ; On                 ;
; Report Source Assignments                                        ; On                 ; On                 ;
; Report Connectivity Checks                                       ; On                 ; On                 ;
; Ignore Maximum Fan-Out Assignments                               ; Off                ; Off                ;
; Synchronization Register Chain Length                            ; 2                  ; 2                  ;
; Power Optimization During Synthesis                              ; Normal compilation ; Normal compilation ;
; HDL message level                                                ; Level2             ; Level2             ;
; Suppress Register Optimization Related Messages                  ; Off                ; Off                ;
; Number of Removed Registers Reported in Synthesis Report         ; 5000               ; 5000               ;
; Number of Swept Nodes Reported in Synthesis Report               ; 5000               ; 5000               ;
; Number of Inverted Registers Reported in Synthesis Report        ; 100                ; 100                ;
; Clock MUX Protection                                             ; On                 ; On                 ;
; Block Design Naming                                              ; Auto               ; Auto               ;
; Synthesis Effort                                                 ; Auto               ; Auto               ;
; Shift Register Replacement - Allow Asynchronous Clear Signal     ; On                 ; On                 ;
; Analysis & Synthesis Message Level                               ; Medium             ; Medium             ;
; Disable Register Merging Across Hierarchies                      ; Auto               ; Auto               ;
+------------------------------------------------------------------+--------------------+--------------------+


+------------------------------------------+
; Parallel Compilation                     ;
+----------------------------+-------------+
; Processors                 ; Number      ;
+----------------------------+-------------+
; Number detected on machine ; 4           ;
; Maximum allowed            ; 2           ;
;                            ;             ;
; Average used               ; 1.00        ;
; Maximum used               ; 1           ;
;                            ;             ;
; Usage by Processor         ; % Time Used ;
;     Processor 1            ; 100.0%      ;
+----------------------------+-------------+


+--------------------------------------------------------------------------------------------------------------------------------------------------------+
; Analysis & Synthesis Source Files Read                                                                                                                 ;
+----------------------------------+-----------------+------------------------------+----------------------------------------------------------+---------+
; File Name with User-Entered Path ; Used in Netlist ; File Type                    ; File Name with Absolute Path                             ; Library ;
+----------------------------------+-----------------+------------------------------+----------------------------------------------------------+---------+
; BFF.v                            ; yes             ; User Verilog HDL File        ; /home/jorozco/Documentos/semArq/actividad10/BFF.v        ;         ;
; RB.v                             ; yes             ; User Verilog HDL File        ; /home/jorozco/Documentos/semArq/actividad10/RB.v         ;         ;
; ALUControl.v                     ; yes             ; User Verilog HDL File        ; /home/jorozco/Documentos/semArq/actividad10/ALUControl.v ;         ;
; DE_EX.v                          ; yes             ; User Verilog HDL File        ; /home/jorozco/Documentos/semArq/actividad10/DE_EX.v      ;         ;
; BF2.v                            ; yes             ; User Verilog HDL File        ; /home/jorozco/Documentos/semArq/actividad10/BF2.v        ;         ;
; fetchCycle.v                     ; yes             ; Auto-Found Verilog HDL File  ; /home/jorozco/Documentos/semArq/actividad10/fetchCycle.v ;         ;
; BF1.v                            ; yes             ; Auto-Found Verilog HDL File  ; /home/jorozco/Documentos/semArq/actividad10/BF1.v        ;         ;
; ALU.v                            ; yes             ; Auto-Found Verilog HDL File  ; /home/jorozco/Documentos/semArq/actividad10/ALU.v        ;         ;
+----------------------------------+-----------------+------------------------------+----------------------------------------------------------+---------+


+-----------------------------------------------------+
; Analysis & Synthesis Resource Usage Summary         ;
+---------------------------------------------+-------+
; Resource                                    ; Usage ;
+---------------------------------------------+-------+
; Total logic elements                        ; 0     ;
;     -- Combinational with no register       ; 0     ;
;     -- Register only                        ; 0     ;
;     -- Combinational with a register        ; 0     ;
;                                             ;       ;
; Logic element usage by number of LUT inputs ;       ;
;     -- 4 input functions                    ; 0     ;
;     -- 3 input functions                    ; 0     ;
;     -- 2 input functions                    ; 0     ;
;     -- 1 input functions                    ; 0     ;
;     -- 0 input functions                    ; 0     ;
;                                             ;       ;
; Logic elements by mode                      ;       ;
;     -- normal mode                          ; 0     ;
;     -- arithmetic mode                      ; 0     ;
;     -- qfbk mode                            ; 0     ;
;     -- register cascade mode                ; 0     ;
;     -- synchronous clear/load mode          ; 0     ;
;     -- asynchronous clear/load mode         ; 0     ;
;                                             ;       ;
; Total registers                             ; 0     ;
; I/O pins                                    ; 35    ;
+---------------------------------------------+-------+


+------------------------------------------------------------------------------------------------------------------------------------------------------------------------------------------------------------------------------------+
; Analysis & Synthesis Resource Utilization by Entity                                                                                                                                                                                ;
+----------------------------+-------------+--------------+------------+------+--------------+--------------+-------------------+------------------+-----------------+------------+---------------------+-------------+--------------+
; Compilation Hierarchy Node ; Logic Cells ; LC Registers ; UFM Blocks ; Pins ; Virtual Pins ; LUT-Only LCs ; Register-Only LCs ; LUT/Register LCs ; Carry Chain LCs ; Packed LCs ; Full Hierarchy Name ; Entity Name ; Library Name ;
+----------------------------+-------------+--------------+------------+------+--------------+--------------+-------------------+------------------+-----------------+------------+---------------------+-------------+--------------+
; |DE_EX                     ; 0 (0)       ; 0            ; 0          ; 35   ; 0            ; 0 (0)        ; 0 (0)             ; 0 (0)            ; 0 (0)           ; 0 (0)      ; |DE_EX              ; DE_EX       ; work         ;
+----------------------------+-------------+--------------+------------+------+--------------+--------------+-------------------+------------------+-----------------+------------+---------------------+-------------+--------------+
Note: For table entries with two numbers listed, the numbers in parentheses indicate the number of resources of the given type used by the specific entity alone. The numbers listed outside of parentheses indicate the total resources of the given type used by the specific entity and all of its sub-entities in the hierarchy.


+----------------------------------------------------------------------------------+
; Registers Removed During Synthesis                                               ;
+-----------------------------------------+----------------------------------------+
; Register name                           ; Reason for Removal                     ;
+-----------------------------------------+----------------------------------------+
; BF1:bf1|selectorOut[2,3]                ; Stuck at GND due to stuck port data_in ;
; fetchCycle:fc|inst[0..5,11..25]         ; Stuck at GND due to stuck port data_in ;
; BFF:bff|funOut[0..5]                    ; Stuck at GND due to stuck port data_in ;
; BFF:bff|rdOut[0..4]                     ; Stuck at GND due to stuck port data_in ;
; BFF:bff|rtOut[0..4]                     ; Stuck at GND due to stuck port data_in ;
; BFF:bff|rsOut[0..4]                     ; Stuck at GND due to stuck port data_in ;
; BF1:bf1|selectorOut[1]                  ; Stuck at GND due to stuck port data_in ;
; BF1:bf1|selectorOut[0]                  ; Stuck at VCC due to stuck port data_in ;
; BF1:bf1|readData1Out[31]                ; Merged with BF1:bf1|readData2Out[31]   ;
; BF1:bf1|readData1Out[30]                ; Merged with BF1:bf1|readData2Out[30]   ;
; BF1:bf1|readData1Out[29]                ; Merged with BF1:bf1|readData2Out[29]   ;
; BF1:bf1|readData1Out[28]                ; Merged with BF1:bf1|readData2Out[28]   ;
; BF1:bf1|readData1Out[27]                ; Merged with BF1:bf1|readData2Out[27]   ;
; BF1:bf1|readData1Out[26]                ; Merged with BF1:bf1|readData2Out[26]   ;
; BF1:bf1|readData1Out[25]                ; Merged with BF1:bf1|readData2Out[25]   ;
; BF1:bf1|readData1Out[24]                ; Merged with BF1:bf1|readData2Out[24]   ;
; BF1:bf1|readData1Out[23]                ; Merged with BF1:bf1|readData2Out[23]   ;
; BF1:bf1|readData1Out[22]                ; Merged with BF1:bf1|readData2Out[22]   ;
; BF1:bf1|readData1Out[21]                ; Merged with BF1:bf1|readData2Out[21]   ;
; BF1:bf1|readData1Out[20]                ; Merged with BF1:bf1|readData2Out[20]   ;
; BF1:bf1|readData1Out[19]                ; Merged with BF1:bf1|readData2Out[19]   ;
; BF1:bf1|readData1Out[18]                ; Merged with BF1:bf1|readData2Out[18]   ;
; BF1:bf1|readData1Out[17]                ; Merged with BF1:bf1|readData2Out[17]   ;
; BF1:bf1|readData1Out[16]                ; Merged with BF1:bf1|readData2Out[16]   ;
; BF1:bf1|readData1Out[15]                ; Merged with BF1:bf1|readData2Out[15]   ;
; BF1:bf1|readData1Out[14]                ; Merged with BF1:bf1|readData2Out[14]   ;
; BF1:bf1|readData1Out[13]                ; Merged with BF1:bf1|readData2Out[13]   ;
; BF1:bf1|readData1Out[12]                ; Merged with BF1:bf1|readData2Out[12]   ;
; BF1:bf1|readData1Out[11]                ; Merged with BF1:bf1|readData2Out[11]   ;
; BF1:bf1|readData1Out[10]                ; Merged with BF1:bf1|readData2Out[10]   ;
; BF1:bf1|readData1Out[9]                 ; Merged with BF1:bf1|readData2Out[9]    ;
; BF1:bf1|readData1Out[8]                 ; Merged with BF1:bf1|readData2Out[8]    ;
; BF1:bf1|readData1Out[7]                 ; Merged with BF1:bf1|readData2Out[7]    ;
; BF1:bf1|readData1Out[6]                 ; Merged with BF1:bf1|readData2Out[6]    ;
; BF1:bf1|readData1Out[5]                 ; Merged with BF1:bf1|readData2Out[5]    ;
; BF1:bf1|readData1Out[4]                 ; Merged with BF1:bf1|readData2Out[4]    ;
; BF1:bf1|readData1Out[3]                 ; Merged with BF1:bf1|readData2Out[3]    ;
; BF1:bf1|readData1Out[2]                 ; Merged with BF1:bf1|readData2Out[2]    ;
; BF1:bf1|readData1Out[1]                 ; Merged with BF1:bf1|readData2Out[1]    ;
; BF1:bf1|readData1Out[0]                 ; Merged with BF1:bf1|readData2Out[0]    ;
; BF1:bf1|readData2Out[31]                ; Lost fanout                            ;
; BF2:bf2|resOut[0]                       ; Stuck at GND due to stuck port data_in ;
; BF1:bf1|readData2Out[0]                 ; Stuck at GND due to stuck port data_in ;
; BF2:bf2|resOut[1]                       ; Stuck at GND due to stuck port data_in ;
; BF1:bf1|readData2Out[1]                 ; Stuck at GND due to stuck port data_in ;
; BF2:bf2|resOut[2]                       ; Stuck at GND due to stuck port data_in ;
; BF1:bf1|readData2Out[2]                 ; Stuck at GND due to stuck port data_in ;
; BF2:bf2|resOut[3]                       ; Stuck at GND due to stuck port data_in ;
; BF1:bf1|readData2Out[3]                 ; Stuck at GND due to stuck port data_in ;
; BF2:bf2|resOut[4]                       ; Stuck at GND due to stuck port data_in ;
; BF1:bf1|readData2Out[4]                 ; Stuck at GND due to stuck port data_in ;
; BF2:bf2|resOut[5]                       ; Stuck at GND due to stuck port data_in ;
; BF1:bf1|readData2Out[5]                 ; Stuck at GND due to stuck port data_in ;
; BF2:bf2|resOut[6]                       ; Stuck at GND due to stuck port data_in ;
; BF1:bf1|readData2Out[6]                 ; Stuck at GND due to stuck port data_in ;
; BF2:bf2|resOut[7]                       ; Stuck at GND due to stuck port data_in ;
; BF1:bf1|readData2Out[7]                 ; Stuck at GND due to stuck port data_in ;
; BF2:bf2|resOut[8]                       ; Stuck at GND due to stuck port data_in ;
; BF1:bf1|readData2Out[8]                 ; Stuck at GND due to stuck port data_in ;
; BF2:bf2|resOut[9]                       ; Stuck at GND due to stuck port data_in ;
; BF1:bf1|readData2Out[9]                 ; Stuck at GND due to stuck port data_in ;
; BF2:bf2|resOut[10]                      ; Stuck at GND due to stuck port data_in ;
; BF1:bf1|readData2Out[10]                ; Stuck at GND due to stuck port data_in ;
; BF2:bf2|resOut[11]                      ; Stuck at GND due to stuck port data_in ;
; BF1:bf1|readData2Out[11]                ; Stuck at GND due to stuck port data_in ;
; BF2:bf2|resOut[12]                      ; Stuck at GND due to stuck port data_in ;
; BF1:bf1|readData2Out[12]                ; Stuck at GND due to stuck port data_in ;
; BF2:bf2|resOut[13]                      ; Stuck at GND due to stuck port data_in ;
; BF1:bf1|readData2Out[13]                ; Stuck at GND due to stuck port data_in ;
; BF2:bf2|resOut[14]                      ; Stuck at GND due to stuck port data_in ;
; BF1:bf1|readData2Out[14]                ; Stuck at GND due to stuck port data_in ;
; BF2:bf2|resOut[15]                      ; Stuck at GND due to stuck port data_in ;
; BF1:bf1|readData2Out[15]                ; Stuck at GND due to stuck port data_in ;
; BF2:bf2|resOut[16]                      ; Stuck at GND due to stuck port data_in ;
; BF1:bf1|readData2Out[16]                ; Stuck at GND due to stuck port data_in ;
; BF2:bf2|resOut[17]                      ; Stuck at GND due to stuck port data_in ;
; BF1:bf1|readData2Out[17]                ; Stuck at GND due to stuck port data_in ;
; BF2:bf2|resOut[18]                      ; Stuck at GND due to stuck port data_in ;
; BF1:bf1|readData2Out[18]                ; Stuck at GND due to stuck port data_in ;
; BF2:bf2|resOut[19]                      ; Stuck at GND due to stuck port data_in ;
; BF1:bf1|readData2Out[19]                ; Stuck at GND due to stuck port data_in ;
; BF2:bf2|resOut[20]                      ; Stuck at GND due to stuck port data_in ;
; BF1:bf1|readData2Out[20]                ; Stuck at GND due to stuck port data_in ;
; BF2:bf2|resOut[21]                      ; Stuck at GND due to stuck port data_in ;
; BF1:bf1|readData2Out[21]                ; Stuck at GND due to stuck port data_in ;
; BF2:bf2|resOut[22]                      ; Stuck at GND due to stuck port data_in ;
; BF1:bf1|readData2Out[22]                ; Stuck at GND due to stuck port data_in ;
; BF2:bf2|resOut[23]                      ; Stuck at GND due to stuck port data_in ;
; BF1:bf1|readData2Out[23]                ; Stuck at GND due to stuck port data_in ;
; BF2:bf2|resOut[24]                      ; Stuck at GND due to stuck port data_in ;
; BF1:bf1|readData2Out[24]                ; Stuck at GND due to stuck port data_in ;
; BF2:bf2|resOut[25]                      ; Stuck at GND due to stuck port data_in ;
; BF1:bf1|readData2Out[25]                ; Stuck at GND due to stuck port data_in ;
; BF2:bf2|resOut[26]                      ; Stuck at GND due to stuck port data_in ;
; BF1:bf1|readData2Out[26]                ; Stuck at GND due to stuck port data_in ;
; BF2:bf2|resOut[27]                      ; Stuck at GND due to stuck port data_in ;
; BF1:bf1|readData2Out[27]                ; Stuck at GND due to stuck port data_in ;
; BF2:bf2|resOut[28]                      ; Stuck at GND due to stuck port data_in ;
; BF1:bf1|readData2Out[28]                ; Stuck at GND due to stuck port data_in ;
; BF2:bf2|resOut[29]                      ; Stuck at GND due to stuck port data_in ;
; BF1:bf1|readData2Out[29]                ; Stuck at GND due to stuck port data_in ;
; BF2:bf2|resOut[30]                      ; Stuck at GND due to stuck port data_in ;
; BF1:bf1|readData2Out[30]                ; Stuck at GND due to stuck port data_in ;
; BF2:bf2|zeroFlagOut                     ; Stuck at VCC due to stuck port data_in ;
; BF2:bf2|resOut[31]                      ; Stuck at GND due to stuck port data_in ;
; Total Number of Removed Registers = 143 ;                                        ;
+-----------------------------------------+----------------------------------------+


+----------------------------------------------------------------------------------------------------------------------------------------------+
; Removed Registers Triggering Further Register Optimizations                                                                                  ;
+------------------------+---------------------------+-----------------------------------------------------------------------------------------+
; Register name          ; Reason for Removal        ; Registers Removed due to This Register                                                  ;
+------------------------+---------------------------+-----------------------------------------------------------------------------------------+
; BF1:bf1|selectorOut[2] ; Stuck at GND              ; BF2:bf2|resOut[0], BF1:bf1|readData2Out[0], BF2:bf2|resOut[1], BF1:bf1|readData2Out[1], ;
;                        ; due to stuck port data_in ; BF2:bf2|resOut[2], BF1:bf1|readData2Out[2], BF2:bf2|resOut[3], BF1:bf1|readData2Out[3], ;
;                        ;                           ; BF2:bf2|resOut[4], BF1:bf1|readData2Out[4], BF2:bf2|resOut[5], BF1:bf1|readData2Out[5], ;
;                        ;                           ; BF2:bf2|resOut[6], BF1:bf1|readData2Out[6], BF2:bf2|resOut[7], BF1:bf1|readData2Out[7], ;
;                        ;                           ; BF2:bf2|resOut[8], BF1:bf1|readData2Out[8], BF2:bf2|resOut[9], BF1:bf1|readData2Out[9], ;
;                        ;                           ; BF2:bf2|resOut[10], BF1:bf1|readData2Out[10], BF2:bf2|resOut[11],                       ;
;                        ;                           ; BF1:bf1|readData2Out[11], BF2:bf2|resOut[12], BF1:bf1|readData2Out[12],                 ;
;                        ;                           ; BF2:bf2|resOut[13], BF1:bf1|readData2Out[13], BF2:bf2|resOut[14],                       ;
;                        ;                           ; BF1:bf1|readData2Out[14], BF2:bf2|resOut[15], BF1:bf1|readData2Out[15],                 ;
;                        ;                           ; BF2:bf2|resOut[16], BF1:bf1|readData2Out[16], BF2:bf2|resOut[17],                       ;
;                        ;                           ; BF1:bf1|readData2Out[17], BF2:bf2|resOut[18], BF1:bf1|readData2Out[18],                 ;
;                        ;                           ; BF2:bf2|resOut[19], BF1:bf1|readData2Out[19], BF2:bf2|resOut[20],                       ;
;                        ;                           ; BF1:bf1|readData2Out[20], BF2:bf2|resOut[21], BF1:bf1|readData2Out[21],                 ;
;                        ;                           ; BF2:bf2|resOut[22], BF1:bf1|readData2Out[22], BF2:bf2|resOut[23],                       ;
;                        ;                           ; BF1:bf1|readData2Out[23], BF2:bf2|resOut[24], BF1:bf1|readData2Out[24],                 ;
;                        ;                           ; BF2:bf2|resOut[25], BF1:bf1|readData2Out[25], BF2:bf2|resOut[26],                       ;
;                        ;                           ; BF1:bf1|readData2Out[26], BF2:bf2|resOut[27], BF1:bf1|readData2Out[27],                 ;
;                        ;                           ; BF2:bf2|resOut[28], BF1:bf1|readData2Out[28], BF2:bf2|resOut[29],                       ;
;                        ;                           ; BF1:bf1|readData2Out[29], BF2:bf2|resOut[30], BF1:bf1|readData2Out[30],                 ;
;                        ;                           ; BF2:bf2|zeroFlagOut, BF2:bf2|resOut[31]                                                 ;
; fetchCycle:fc|inst[0]  ; Stuck at GND              ; BFF:bff|funOut[0], BF1:bf1|selectorOut[1], BF1:bf1|selectorOut[0],                      ;
;                        ; due to stuck port data_in ; BF1:bf1|readData2Out[31]                                                                ;
; fetchCycle:fc|inst[15] ; Stuck at GND              ; BFF:bff|rdOut[4]                                                                        ;
;                        ; due to stuck port data_in ;                                                                                         ;
; fetchCycle:fc|inst[1]  ; Stuck at GND              ; BFF:bff|funOut[1]                                                                       ;
;                        ; due to stuck port data_in ;                                                                                         ;
; fetchCycle:fc|inst[2]  ; Stuck at GND              ; BFF:bff|funOut[2]                                                                       ;
;                        ; due to stuck port data_in ;                                                                                         ;
; fetchCycle:fc|inst[3]  ; Stuck at GND              ; BFF:bff|funOut[3]                                                                       ;
;                        ; due to stuck port data_in ;                                                                                         ;
; fetchCycle:fc|inst[4]  ; Stuck at GND              ; BFF:bff|funOut[4]                                                                       ;
;                        ; due to stuck port data_in ;                                                                                         ;
; fetchCycle:fc|inst[5]  ; Stuck at GND              ; BFF:bff|funOut[5]                                                                       ;
;                        ; due to stuck port data_in ;                                                                                         ;
; fetchCycle:fc|inst[11] ; Stuck at GND              ; BFF:bff|rdOut[0]                                                                        ;
;                        ; due to stuck port data_in ;                                                                                         ;
; fetchCycle:fc|inst[12] ; Stuck at GND              ; BFF:bff|rdOut[1]                                                                        ;
;                        ; due to stuck port data_in ;                                                                                         ;
; fetchCycle:fc|inst[13] ; Stuck at GND              ; BFF:bff|rdOut[2]                                                                        ;
;                        ; due to stuck port data_in ;                                                                                         ;
; fetchCycle:fc|inst[14] ; Stuck at GND              ; BFF:bff|rdOut[3]                                                                        ;
;                        ; due to stuck port data_in ;                                                                                         ;
; fetchCycle:fc|inst[16] ; Stuck at GND              ; BFF:bff|rtOut[0]                                                                        ;
;                        ; due to stuck port data_in ;                                                                                         ;
; fetchCycle:fc|inst[17] ; Stuck at GND              ; BFF:bff|rtOut[1]                                                                        ;
;                        ; due to stuck port data_in ;                                                                                         ;
; fetchCycle:fc|inst[18] ; Stuck at GND              ; BFF:bff|rtOut[2]                                                                        ;
;                        ; due to stuck port data_in ;                                                                                         ;
; fetchCycle:fc|inst[19] ; Stuck at GND              ; BFF:bff|rtOut[3]                                                                        ;
;                        ; due to stuck port data_in ;                                                                                         ;
; fetchCycle:fc|inst[20] ; Stuck at GND              ; BFF:bff|rtOut[4]                                                                        ;
;                        ; due to stuck port data_in ;                                                                                         ;
; fetchCycle:fc|inst[21] ; Stuck at GND              ; BFF:bff|rsOut[0]                                                                        ;
;                        ; due to stuck port data_in ;                                                                                         ;
; fetchCycle:fc|inst[22] ; Stuck at GND              ; BFF:bff|rsOut[1]                                                                        ;
;                        ; due to stuck port data_in ;                                                                                         ;
; fetchCycle:fc|inst[23] ; Stuck at GND              ; BFF:bff|rsOut[2]                                                                        ;
;                        ; due to stuck port data_in ;                                                                                         ;
; fetchCycle:fc|inst[24] ; Stuck at GND              ; BFF:bff|rsOut[3]                                                                        ;
;                        ; due to stuck port data_in ;                                                                                         ;
; fetchCycle:fc|inst[25] ; Stuck at GND              ; BFF:bff|rsOut[4]                                                                        ;
;                        ; due to stuck port data_in ;                                                                                         ;
+------------------------+---------------------------+-----------------------------------------------------------------------------------------+


+------------------------------------------------------+
; General Register Statistics                          ;
+----------------------------------------------+-------+
; Statistic                                    ; Value ;
+----------------------------------------------+-------+
; Total registers                              ; 0     ;
; Number of registers using Synchronous Clear  ; 0     ;
; Number of registers using Synchronous Load   ; 0     ;
; Number of registers using Asynchronous Clear ; 0     ;
; Number of registers using Asynchronous Load  ; 0     ;
; Number of registers using Clock Enable       ; 0     ;
; Number of registers using Preset             ; 0     ;
+----------------------------------------------+-------+


+-------------------------------+
; Analysis & Synthesis Messages ;
+-------------------------------+
Info: *******************************************************************
Info: Running Quartus Prime Analysis & Synthesis
    Info: Version 19.1.0 Build 670 09/22/2019 SJ Lite Edition
    Info: Processing started: Mon Apr 27 19:20:44 2020
Info: Command: quartus_map --read_settings_files=on --write_settings_files=off actividad10 -c actividad09
Warning (18236): Number of processors has not been specified which may cause overloading on shared machines.  Set the global assignment NUM_PARALLEL_PROCESSORS in your QSF to an appropriate value for best performance.
Info (20030): Parallel compilation is enabled and will use 2 of the 2 processors detected
Warning (12019): Can't analyze file -- file MemInst.v is missing
Info (12021): Found 1 design units, including 1 entities, in source file BFF.v
    Info (12023): Found entity 1: BFF File: /home/jorozco/Documentos/semArq/actividad10/BFF.v Line: 1
Info (12021): Found 1 design units, including 1 entities, in source file RB.v
    Info (12023): Found entity 1: RB File: /home/jorozco/Documentos/semArq/actividad10/RB.v Line: 1
Info (12021): Found 1 design units, including 1 entities, in source file fetchCycle_tb.v
    Info (12023): Found entity 1: fetchCycle_tb File: /home/jorozco/Documentos/semArq/actividad10/fetchCycle_tb.v Line: 3
Info (12021): Found 1 design units, including 1 entities, in source file BFF_tb.v
    Info (12023): Found entity 1: BFF_tb File: /home/jorozco/Documentos/semArq/actividad10/BFF_tb.v Line: 3
Info (12021): Found 1 design units, including 1 entities, in source file RB_tb.v
    Info (12023): Found entity 1: RB_tb File: /home/jorozco/Documentos/semArq/actividad10/RB_tb.v Line: 2
Warning (12019): Can't analyze file -- file FEDE.v is missing
Warning (12019): Can't analyze file -- file FEDE_tb.v is missing
Info (12021): Found 1 design units, including 1 entities, in source file ALUControl.v
    Info (12023): Found entity 1: ALUControl File: /home/jorozco/Documentos/semArq/actividad10/ALUControl.v Line: 1
Info (12021): Found 1 design units, including 1 entities, in source file ALUControl_tb.v
    Info (12023): Found entity 1: ALUControl_tb File: /home/jorozco/Documentos/semArq/actividad10/ALUControl_tb.v Line: 3
Info (12021): Found 1 design units, including 1 entities, in source file DE_EX.v
    Info (12023): Found entity 1: DE_EX File: /home/jorozco/Documentos/semArq/actividad10/DE_EX.v Line: 1
Warning (12019): Can't analyze file -- file ../actividad09/BF1.v is missing
Info (12021): Found 1 design units, including 1 entities, in source file BF2.v
    Info (12023): Found entity 1: BF2 File: /home/jorozco/Documentos/semArq/actividad10/BF2.v Line: 1
Info (12021): Found 1 design units, including 1 entities, in source file DE_EX_tb.v
    Info (12023): Found entity 1: DE_EX_tb File: /home/jorozco/Documentos/semArq/actividad10/DE_EX_tb.v Line: 2
Info (12127): Elaborating entity "DE_EX" for the top level hierarchy
Warning (12125): Using design file fetchCycle.v, which is not specified as a design file for the current project, but contains definitions for 1 design units and 1 entities in project
    Info (12023): Found entity 1: fetchCycle File: /home/jorozco/Documentos/semArq/actividad10/fetchCycle.v Line: 1
Info (12128): Elaborating entity "fetchCycle" for hierarchy "fetchCycle:fc" File: /home/jorozco/Documentos/semArq/actividad10/DE_EX.v Line: 32
Warning (10858): Verilog HDL warning at fetchCycle.v(5): object isa used but never assigned File: /home/jorozco/Documentos/semArq/actividad10/fetchCycle.v Line: 5
Warning (10230): Verilog HDL assignment warning at fetchCycle.v(10): truncated value with size 32 to match size of target (7) File: /home/jorozco/Documentos/semArq/actividad10/fetchCycle.v Line: 10
Warning (10030): Net "isa" at fetchCycle.v(5) has no driver or initial value, using a default initial value '0' File: /home/jorozco/Documentos/semArq/actividad10/fetchCycle.v Line: 5
Info (12128): Elaborating entity "BFF" for hierarchy "BFF:bff" File: /home/jorozco/Documentos/semArq/actividad10/DE_EX.v Line: 41
Info (12128): Elaborating entity "ALUControl" for hierarchy "ALUControl:aluc" File: /home/jorozco/Documentos/semArq/actividad10/DE_EX.v Line: 46
Warning (10270): Verilog HDL Case Statement warning at ALUControl.v(8): incomplete case statement has no default case item File: /home/jorozco/Documentos/semArq/actividad10/ALUControl.v Line: 8
Warning (10240): Verilog HDL Always Construct warning at ALUControl.v(8): inferring latch(es) for variable "sel", which holds its previous value in one or more paths through the always construct File: /home/jorozco/Documentos/semArq/actividad10/ALUControl.v Line: 8
Info (10041): Inferred latch for "sel[0]" at ALUControl.v(8) File: /home/jorozco/Documentos/semArq/actividad10/ALUControl.v Line: 8
Info (10041): Inferred latch for "sel[1]" at ALUControl.v(8) File: /home/jorozco/Documentos/semArq/actividad10/ALUControl.v Line: 8
Info (10041): Inferred latch for "sel[2]" at ALUControl.v(8) File: /home/jorozco/Documentos/semArq/actividad10/ALUControl.v Line: 8
Info (10041): Inferred latch for "sel[3]" at ALUControl.v(8) File: /home/jorozco/Documentos/semArq/actividad10/ALUControl.v Line: 8
Info (12128): Elaborating entity "RB" for hierarchy "RB:rb" File: /home/jorozco/Documentos/semArq/actividad10/DE_EX.v Line: 56
Warning (12125): Using design file BF1.v, which is not specified as a design file for the current project, but contains definitions for 1 design units and 1 entities in project
    Info (12023): Found entity 1: BF1 File: /home/jorozco/Documentos/semArq/actividad10/BF1.v Line: 1
Info (12128): Elaborating entity "BF1" for hierarchy "BF1:bf1" File: /home/jorozco/Documentos/semArq/actividad10/DE_EX.v Line: 66
Warning (12125): Using design file ALU.v, which is not specified as a design file for the current project, but contains definitions for 1 design units and 1 entities in project
    Info (12023): Found entity 1: ALU File: /home/jorozco/Documentos/semArq/actividad10/ALU.v Line: 1
Info (12128): Elaborating entity "ALU" for hierarchy "ALU:alu" File: /home/jorozco/Documentos/semArq/actividad10/DE_EX.v Line: 74
Info (12128): Elaborating entity "BF2" for hierarchy "BF2:bf2" File: /home/jorozco/Documentos/semArq/actividad10/DE_EX.v Line: 82
Warning (14026): LATCH primitive "RB:rb|bank~0" is permanently enabled File: /home/jorozco/Documentos/semArq/actividad10/RB.v Line: 12
Warning (14026): LATCH primitive "RB:rb|bank~1" is permanently enabled File: /home/jorozco/Documentos/semArq/actividad10/RB.v Line: 12
Warning (14026): LATCH primitive "RB:rb|bank~2" is permanently enabled File: /home/jorozco/Documentos/semArq/actividad10/RB.v Line: 12
Warning (14026): LATCH primitive "RB:rb|bank~3" is permanently enabled File: /home/jorozco/Documentos/semArq/actividad10/RB.v Line: 12
Warning (14026): LATCH primitive "RB:rb|bank~4" is permanently enabled File: /home/jorozco/Documentos/semArq/actividad10/RB.v Line: 12
Warning (14026): LATCH primitive "RB:rb|bank~5" is permanently enabled File: /home/jorozco/Documentos/semArq/actividad10/RB.v Line: 12
Warning (14026): LATCH primitive "RB:rb|bank~6" is permanently enabled File: /home/jorozco/Documentos/semArq/actividad10/RB.v Line: 12
Warning (14026): LATCH primitive "RB:rb|bank~7" is permanently enabled File: /home/jorozco/Documentos/semArq/actividad10/RB.v Line: 12
Warning (14026): LATCH primitive "RB:rb|bank~8" is permanently enabled File: /home/jorozco/Documentos/semArq/actividad10/RB.v Line: 12
Warning (14026): LATCH primitive "RB:rb|bank~9" is permanently enabled File: /home/jorozco/Documentos/semArq/actividad10/RB.v Line: 12
Warning (14026): LATCH primitive "RB:rb|bank~10" is permanently enabled File: /home/jorozco/Documentos/semArq/actividad10/RB.v Line: 12
Warning (14026): LATCH primitive "RB:rb|bank~11" is permanently enabled File: /home/jorozco/Documentos/semArq/actividad10/RB.v Line: 12
Warning (14026): LATCH primitive "RB:rb|bank~12" is permanently enabled File: /home/jorozco/Documentos/semArq/actividad10/RB.v Line: 12
Warning (14026): LATCH primitive "RB:rb|bank~13" is permanently enabled File: /home/jorozco/Documentos/semArq/actividad10/RB.v Line: 12
Warning (14026): LATCH primitive "RB:rb|bank~14" is permanently enabled File: /home/jorozco/Documentos/semArq/actividad10/RB.v Line: 12
Warning (14026): LATCH primitive "RB:rb|bank~15" is permanently enabled File: /home/jorozco/Documentos/semArq/actividad10/RB.v Line: 12
Warning (14026): LATCH primitive "RB:rb|bank~16" is permanently enabled File: /home/jorozco/Documentos/semArq/actividad10/RB.v Line: 12
Warning (14026): LATCH primitive "RB:rb|bank~17" is permanently enabled File: /home/jorozco/Documentos/semArq/actividad10/RB.v Line: 12
Warning (14026): LATCH primitive "RB:rb|bank~18" is permanently enabled File: /home/jorozco/Documentos/semArq/actividad10/RB.v Line: 12
Warning (14026): LATCH primitive "RB:rb|bank~19" is permanently enabled File: /home/jorozco/Documentos/semArq/actividad10/RB.v Line: 12
Warning (14026): LATCH primitive "RB:rb|bank~20" is permanently enabled File: /home/jorozco/Documentos/semArq/actividad10/RB.v Line: 12
Warning (14026): LATCH primitive "RB:rb|bank~21" is permanently enabled File: /home/jorozco/Documentos/semArq/actividad10/RB.v Line: 12
Warning (14026): LATCH primitive "RB:rb|bank~22" is permanently enabled File: /home/jorozco/Documentos/semArq/actividad10/RB.v Line: 12
Warning (14026): LATCH primitive "RB:rb|bank~23" is permanently enabled File: /home/jorozco/Documentos/semArq/actividad10/RB.v Line: 12
Warning (14026): LATCH primitive "RB:rb|bank~24" is permanently enabled File: /home/jorozco/Documentos/semArq/actividad10/RB.v Line: 12
Warning (14026): LATCH primitive "RB:rb|bank~25" is permanently enabled File: /home/jorozco/Documentos/semArq/actividad10/RB.v Line: 12
Warning (14026): LATCH primitive "RB:rb|bank~26" is permanently enabled File: /home/jorozco/Documentos/semArq/actividad10/RB.v Line: 12
Warning (14026): LATCH primitive "RB:rb|bank~27" is permanently enabled File: /home/jorozco/Documentos/semArq/actividad10/RB.v Line: 12
Warning (14026): LATCH primitive "RB:rb|bank~28" is permanently enabled File: /home/jorozco/Documentos/semArq/actividad10/RB.v Line: 12
Warning (14026): LATCH primitive "RB:rb|bank~29" is permanently enabled File: /home/jorozco/Documentos/semArq/actividad10/RB.v Line: 12
Warning (14026): LATCH primitive "RB:rb|bank~30" is permanently enabled File: /home/jorozco/Documentos/semArq/actividad10/RB.v Line: 12
Warning (14026): LATCH primitive "RB:rb|bank~31" is permanently enabled File: /home/jorozco/Documentos/semArq/actividad10/RB.v Line: 12
Warning (13024): Output pins are stuck at VCC or GND
    Warning (13410): Pin "zeroFlag" is stuck at VCC File: /home/jorozco/Documentos/semArq/actividad10/DE_EX.v Line: 5
    Warning (13410): Pin "res[0]" is stuck at GND File: /home/jorozco/Documentos/semArq/actividad10/DE_EX.v Line: 7
    Warning (13410): Pin "res[1]" is stuck at GND File: /home/jorozco/Documentos/semArq/actividad10/DE_EX.v Line: 7
    Warning (13410): Pin "res[2]" is stuck at GND File: /home/jorozco/Documentos/semArq/actividad10/DE_EX.v Line: 7
    Warning (13410): Pin "res[3]" is stuck at GND File: /home/jorozco/Documentos/semArq/actividad10/DE_EX.v Line: 7
    Warning (13410): Pin "res[4]" is stuck at GND File: /home/jorozco/Documentos/semArq/actividad10/DE_EX.v Line: 7
    Warning (13410): Pin "res[5]" is stuck at GND File: /home/jorozco/Documentos/semArq/actividad10/DE_EX.v Line: 7
    Warning (13410): Pin "res[6]" is stuck at GND File: /home/jorozco/Documentos/semArq/actividad10/DE_EX.v Line: 7
    Warning (13410): Pin "res[7]" is stuck at GND File: /home/jorozco/Documentos/semArq/actividad10/DE_EX.v Line: 7
    Warning (13410): Pin "res[8]" is stuck at GND File: /home/jorozco/Documentos/semArq/actividad10/DE_EX.v Line: 7
    Warning (13410): Pin "res[9]" is stuck at GND File: /home/jorozco/Documentos/semArq/actividad10/DE_EX.v Line: 7
    Warning (13410): Pin "res[10]" is stuck at GND File: /home/jorozco/Documentos/semArq/actividad10/DE_EX.v Line: 7
    Warning (13410): Pin "res[11]" is stuck at GND File: /home/jorozco/Documentos/semArq/actividad10/DE_EX.v Line: 7
    Warning (13410): Pin "res[12]" is stuck at GND File: /home/jorozco/Documentos/semArq/actividad10/DE_EX.v Line: 7
    Warning (13410): Pin "res[13]" is stuck at GND File: /home/jorozco/Documentos/semArq/actividad10/DE_EX.v Line: 7
    Warning (13410): Pin "res[14]" is stuck at GND File: /home/jorozco/Documentos/semArq/actividad10/DE_EX.v Line: 7
    Warning (13410): Pin "res[15]" is stuck at GND File: /home/jorozco/Documentos/semArq/actividad10/DE_EX.v Line: 7
    Warning (13410): Pin "res[16]" is stuck at GND File: /home/jorozco/Documentos/semArq/actividad10/DE_EX.v Line: 7
    Warning (13410): Pin "res[17]" is stuck at GND File: /home/jorozco/Documentos/semArq/actividad10/DE_EX.v Line: 7
    Warning (13410): Pin "res[18]" is stuck at GND File: /home/jorozco/Documentos/semArq/actividad10/DE_EX.v Line: 7
    Warning (13410): Pin "res[19]" is stuck at GND File: /home/jorozco/Documentos/semArq/actividad10/DE_EX.v Line: 7
    Warning (13410): Pin "res[20]" is stuck at GND File: /home/jorozco/Documentos/semArq/actividad10/DE_EX.v Line: 7
    Warning (13410): Pin "res[21]" is stuck at GND File: /home/jorozco/Documentos/semArq/actividad10/DE_EX.v Line: 7
    Warning (13410): Pin "res[22]" is stuck at GND File: /home/jorozco/Documentos/semArq/actividad10/DE_EX.v Line: 7
    Warning (13410): Pin "res[23]" is stuck at GND File: /home/jorozco/Documentos/semArq/actividad10/DE_EX.v Line: 7
    Warning (13410): Pin "res[24]" is stuck at GND File: /home/jorozco/Documentos/semArq/actividad10/DE_EX.v Line: 7
    Warning (13410): Pin "res[25]" is stuck at GND File: /home/jorozco/Documentos/semArq/actividad10/DE_EX.v Line: 7
    Warning (13410): Pin "res[26]" is stuck at GND File: /home/jorozco/Documentos/semArq/actividad10/DE_EX.v Line: 7
    Warning (13410): Pin "res[27]" is stuck at GND File: /home/jorozco/Documentos/semArq/actividad10/DE_EX.v Line: 7
    Warning (13410): Pin "res[28]" is stuck at GND File: /home/jorozco/Documentos/semArq/actividad10/DE_EX.v Line: 7
    Warning (13410): Pin "res[29]" is stuck at GND File: /home/jorozco/Documentos/semArq/actividad10/DE_EX.v Line: 7
    Warning (13410): Pin "res[30]" is stuck at GND File: /home/jorozco/Documentos/semArq/actividad10/DE_EX.v Line: 7
    Warning (13410): Pin "res[31]" is stuck at GND File: /home/jorozco/Documentos/semArq/actividad10/DE_EX.v Line: 7
Info (17049): 1 registers lost all their fanouts during netlist optimizations.
Warning (21074): Design contains 2 input pin(s) that do not drive logic
    Warning (15610): No output dependent on input pin "regWrite" File: /home/jorozco/Documentos/semArq/actividad10/DE_EX.v Line: 4
    Warning (15610): No output dependent on input pin "clk" File: /home/jorozco/Documentos/semArq/actividad10/DE_EX.v Line: 3
Info (21057): Implemented 35 device resources after synthesis - the final resource count might be different
    Info (21058): Implemented 2 input pins
    Info (21059): Implemented 33 output pins
Info: Quartus Prime Analysis & Synthesis was successful. 0 errors, 82 warnings
    Info: Peak virtual memory: 901 megabytes
    Info: Processing ended: Mon Apr 27 19:20:58 2020
    Info: Elapsed time: 00:00:14
    Info: Total CPU time (on all processors): 00:00:29


